// Jest Snapshot v1, https://goo.gl/fbAQLP

exports[`Header component should render correctly 1`] = `
Object {
  "asFragment": [Function],
  "baseElement": <body>
    <div>
      <header
        class="header"
      >
        <div
          class="header__content"
        >
          <a
            data-testid="logo-link"
            href="/"
          >
            <span
              class="header__logo"
            >
              math magicians
            </span>
          </a>
          <nav
            class="header__nav"
          >
            <ul
              class="header__nav-list"
            >
              <li>
                <a
                  class="header__nav-link"
                  href="/"
                >
                  home
                </a>
              </li>
              <li>
                <a
                  class="header__nav-link"
                  href="/calculator"
                >
                  calculator
                </a>
              </li>
              <li>
                <a
                  class="header__nav-link"
                  href="/quote"
                >
                  quote
                </a>
              </li>
            </ul>
          </nav>
          <div
            class="header__hamburger-container"
          >
            <div
              class="hamburger-menu "
            >
              <button
                aria-label="Open hamburger menu"
                class="hamburger-btn "
                type="button"
              >
                <span
                  class="hamburger-btn__icon"
                >
                   
                </span>
              </button>
              <div
                class="hamburger-menu__background"
              >
                 
              </div>
              <nav
                class="hamburger-menu__nav"
              >
                <ul
                  class="hamburger-menu__nav-list"
                >
                  <li>
                    <a
                      class="hamburger-menu__link"
                      href="/"
                    >
                      <span>
                        01
                      </span>
                      home
                    </a>
                  </li>
                  <li>
                    <a
                      class="hamburger-menu__link"
                      href="/calculator"
                    >
                      <span>
                        02
                      </span>
                      calculator
                    </a>
                  </li>
                  <li>
                    <a
                      class="hamburger-menu__link"
                      href="/quote"
                    >
                      <span>
                        03
                      </span>
                      quote
                    </a>
                  </li>
                </ul>
              </nav>
            </div>
          </div>
        </div>
      </header>
      <main
        class="main"
      />
    </div>
  </body>,
  "container": <div>
    <header
      class="header"
    >
      <div
        class="header__content"
      >
        <a
          data-testid="logo-link"
          href="/"
        >
          <span
            class="header__logo"
          >
            math magicians
          </span>
        </a>
        <nav
          class="header__nav"
        >
          <ul
            class="header__nav-list"
          >
            <li>
              <a
                class="header__nav-link"
                href="/"
              >
                home
              </a>
            </li>
            <li>
              <a
                class="header__nav-link"
                href="/calculator"
              >
                calculator
              </a>
            </li>
            <li>
              <a
                class="header__nav-link"
                href="/quote"
              >
                quote
              </a>
            </li>
          </ul>
        </nav>
        <div
          class="header__hamburger-container"
        >
          <div
            class="hamburger-menu "
          >
            <button
              aria-label="Open hamburger menu"
              class="hamburger-btn "
              type="button"
            >
              <span
                class="hamburger-btn__icon"
              >
                 
              </span>
            </button>
            <div
              class="hamburger-menu__background"
            >
               
            </div>
            <nav
              class="hamburger-menu__nav"
            >
              <ul
                class="hamburger-menu__nav-list"
              >
                <li>
                  <a
                    class="hamburger-menu__link"
                    href="/"
                  >
                    <span>
                      01
                    </span>
                    home
                  </a>
                </li>
                <li>
                  <a
                    class="hamburger-menu__link"
                    href="/calculator"
                  >
                    <span>
                      02
                    </span>
                    calculator
                  </a>
                </li>
                <li>
                  <a
                    class="hamburger-menu__link"
                    href="/quote"
                  >
                    <span>
                      03
                    </span>
                    quote
                  </a>
                </li>
              </ul>
            </nav>
          </div>
        </div>
      </div>
    </header>
    <main
      class="main"
    />
  </div>,
  "debug": [Function],
  "findAllByAltText": [Function],
  "findAllByDisplayValue": [Function],
  "findAllByLabelText": [Function],
  "findAllByPlaceholderText": [Function],
  "findAllByRole": [Function],
  "findAllByTestId": [Function],
  "findAllByText": [Function],
  "findAllByTitle": [Function],
  "findByAltText": [Function],
  "findByDisplayValue": [Function],
  "findByLabelText": [Function],
  "findByPlaceholderText": [Function],
  "findByRole": [Function],
  "findByTestId": [Function],
  "findByText": [Function],
  "findByTitle": [Function],
  "getAllByAltText": [Function],
  "getAllByDisplayValue": [Function],
  "getAllByLabelText": [Function],
  "getAllByPlaceholderText": [Function],
  "getAllByRole": [Function],
  "getAllByTestId": [Function],
  "getAllByText": [Function],
  "getAllByTitle": [Function],
  "getByAltText": [Function],
  "getByDisplayValue": [Function],
  "getByLabelText": [Function],
  "getByPlaceholderText": [Function],
  "getByRole": [Function],
  "getByTestId": [Function],
  "getByText": [Function],
  "getByTitle": [Function],
  "queryAllByAltText": [Function],
  "queryAllByDisplayValue": [Function],
  "queryAllByLabelText": [Function],
  "queryAllByPlaceholderText": [Function],
  "queryAllByRole": [Function],
  "queryAllByTestId": [Function],
  "queryAllByText": [Function],
  "queryAllByTitle": [Function],
  "queryByAltText": [Function],
  "queryByDisplayValue": [Function],
  "queryByLabelText": [Function],
  "queryByPlaceholderText": [Function],
  "queryByRole": [Function],
  "queryByTestId": [Function],
  "queryByText": [Function],
  "queryByTitle": [Function],
  "rerender": [Function],
  "unmount": [Function],
}
`;
